ijojo
